// Jest Snapshot v1, https://goo.gl/fbAQLP

exports[`ReadPlanListModule snapShot correctly 1`] = `
<div>
  <h2>
    Нет записей
  </h2>
</div>
`;
