// Jest Snapshot v1, https://goo.gl/fbAQLP

exports[`<ReadListBidRequest /> snapShot correctly 1`] = `
<div>
  Нет заявок
</div>
`;
