// Jest Snapshot v1, https://goo.gl/fbAQLP

exports[`<App/> should render correctly 1`] = `
<Container
  className="container-fluid"
  fluid={true}
>
  <HeaderComponent />
  <NavbarPage />
  <BrowserRouter>
    <Routes>
      <Route
        element={<HomeComponent />}
        path="/"
      />
      <Route
        element={<UNDEFINED />}
        path="/inputData"
      />
      <Route
        element={<ReportEquipment />}
        path="/reportEquipment"
      />
      <Route
        element={<RepairPlan />}
        path="/repairPlan"
      />
      <Route
        element={<BidRequest />}
        path="/bidRequest"
      />
      <Route
        element={<RegisterComponent />}
        path="/register"
      />
      <Route
        element={<ProfileUserComponent />}
        path="/profile"
      />
      <Route
        element={<AuthComponent />}
        path="/auth"
      />
    </Routes>
  </BrowserRouter>
  <FooterComponent />
</Container>
`;
