// Jest Snapshot v1, https://goo.gl/fbAQLP

exports[`<HomeComponent /> should render correctly 1`] = `
<Container
  fluid={true}
>
  <Row
    id="mainPage"
  >
    <h2>
      Журнал учета ремонтов оборудования.
    </h2>
  </Row>
</Container>
`;
