// Jest Snapshot v1, https://goo.gl/fbAQLP

exports[`<NavbarPage /> should render correctly 1`] = `
<Navbar
  className="navbar-custom"
  collapseOnSelect={false}
  expand="sm"
  variant="light"
>
  <NavbarBrand
    href="/"
  >
    Журнал ремонтов
  </NavbarBrand>
  <NavbarToggle
    aria-controls="basic-navbar-nav"
    label="Toggle navigation"
  />
  <NavbarCollapse
    id="basic-navbar-nav"
  >
    <Nav
      className="mr-auto"
      fill={false}
      justify={false}
    >
      <NavLink
        disabled={false}
        href="/inputData"
        id="inputData"
      >
        Ввод данных
      </NavLink>
      <NavLink
        disabled={false}
        href="/reportEquipment"
        id="reportEquipment"
      >
        Отчет по оборудованию
      </NavLink>
      <NavLink
        disabled={false}
        href="/repairPlan"
        id="repairPlan"
      >
        План ремонтов
      </NavLink>
      <NavLink
        disabled={false}
        href="/bidRequest"
        id="bidRequest"
      >
        Заявки снабжение
      </NavLink>
      <AuthButton />
    </Nav>
  </NavbarCollapse>
</Navbar>
`;
