// Jest Snapshot v1, https://goo.gl/fbAQLP

exports[`<ReadModuleList/> should render correctly empty list 1`] = `
<div>
  <h2>
    Нет записей
  </h2>
</div>
`;

exports[`<ReadModuleList/> should render correctly full list 1`] = `
<div>
  <h2>
    Нет записей
  </h2>
</div>
`;
