// Jest Snapshot v1, https://goo.gl/fbAQLP

exports[`<ReportEquipment/> should render correctly empty list 1`] = `
<Container
  fluid={true}
>
  <Row
    className="justify-content-md-center"
  >
    <h2>
      Отчет по оборудованию
    </h2>
  </Row>
  <Row
    className="justify-content-start"
  >
    <Col>
      <FormControl
        id="reportInputEquipment"
        idunit=""
        onChange={[Function]}
        placeholder="Выберите оборудование"
        size="sm"
        type="text"
        value=""
      />
      <SearchList
        filter=""
        onSelectEquipment={[Function]}
      />
    </Col>
    <Col>
      <Button
        active={false}
        disabled={false}
        onClick={[Function]}
        size="sm"
        variant="secondary"
      >
        Показать все записи
      </Button>
    </Col>
  </Row>
  <Row>
    <ShowReadModuleList
      idEquipment=""
      viewAllPosition={false}
    />
  </Row>
</Container>
`;
