// Jest Snapshot v1, https://goo.gl/fbAQLP

exports[`<SearchList/> should render correctly empty list 1`] = `""`;
